[themewagon.github.io/jobfinderportal/index.html]
[backblue.gif]
[fade.gif]
[index.html]
[themewagon.github.io/jobfinderportal/site.webmanifest]
[themewagon.github.io/jobfinderportal/assets/img/favicon.ico]
[themewagon.github.io/jobfinderportal/assets/css/bootstrap.min.css]
[themewagon.github.io/jobfinderportal/assets/css/owl.carousel.min.css]
[themewagon.github.io/jobfinderportal/assets/css/flaticon.css]
[themewagon.github.io/jobfinderportal/assets/css/price_rangs.css]
[themewagon.github.io/jobfinderportal/assets/css/slicknav.css]
[themewagon.github.io/jobfinderportal/assets/css/animate.min.css]
[themewagon.github.io/jobfinderportal/assets/css/magnific-popup.css]
[themewagon.github.io/jobfinderportal/assets/css/fontawesome-all.min.css]
[themewagon.github.io/jobfinderportal/assets/css/themify-icons.css]
[themewagon.github.io/jobfinderportal/assets/css/slick.css]
[themewagon.github.io/jobfinderportal/assets/css/nice-select.css]
[themewagon.github.io/jobfinderportal/assets/css/style.css]
[themewagon.github.io/jobfinderportal/assets/img/logo/logo.png]
[themewagon.github.io/jobfinderportal/job_listing.html]
[themewagon.github.io/jobfinderportal/about.html]
[themewagon.github.io/jobfinderportal/blog.html]
[themewagon.github.io/jobfinderportal/single-blog.html]
[themewagon.github.io/jobfinderportal/elements.html]
[themewagon.github.io/jobfinderportal/job_details.html]
[themewagon.github.io/jobfinderportal/contact.html]
[themewagon.github.io/jobfinderportal/assets/img/hero/h1_hero.jpg]
[themewagon.github.io/jobfinderportal/assets/img/gallery/cv_bg.jpg]
[themewagon.github.io/jobfinderportal/assets/img/icon/job-list1.png]
[themewagon.github.io/jobfinderportal/assets/img/icon/job-list2.png]
[themewagon.github.io/jobfinderportal/assets/img/icon/job-list3.png]
[themewagon.github.io/jobfinderportal/assets/img/icon/job-list4.png]
[themewagon.github.io/jobfinderportal/assets/img/gallery/how-applybg.png]
[themewagon.github.io/jobfinderportal/assets/img/testmonial/testimonial-founder.png]
[themewagon.github.io/jobfinderportal/assets/img/service/support-img.jpg]
[themewagon.github.io/jobfinderportal/assets/img/blog/home-blog1.jpg]
[themewagon.github.io/jobfinderportal/assets/img/blog/home-blog2.jpg]
[themewagon.github.io/jobfinderportal/assets/img/icon/form.png]
[themewagon.github.io/jobfinderportal/assets/img/logo/logo2_footer.png]
[themewagon.github.io/jobfinderportal/assets/js/vendor/modernizr-3.5.0.min.js]
[themewagon.github.io/jobfinderportal/assets/js/vendor/jquery-1.12.4.min.js]
[themewagon.github.io/jobfinderportal/assets/js/popper.min.js]
[themewagon.github.io/jobfinderportal/assets/js/bootstrap.min.js]
[themewagon.github.io/jobfinderportal/assets/js/jquery.slicknav.min.js]
[themewagon.github.io/jobfinderportal/assets/js/owl.carousel.min.js]
[themewagon.github.io/jobfinderportal/assets/js/slick.min.js]
[themewagon.github.io/jobfinderportal/assets/js/price_rangs.js]
[themewagon.github.io/jobfinderportal/assets/js/wow.min.js]
[themewagon.github.io/jobfinderportal/assets/js/animated.headline.js]
[themewagon.github.io/jobfinderportal/assets/js/jquery.magnific-popup.js]
[themewagon.github.io/jobfinderportal/assets/js/jquery.scrollUp.min.js]
[themewagon.github.io/jobfinderportal/assets/js/jquery.nice-select.min.js]
[themewagon.github.io/jobfinderportal/assets/js/jquery.sticky.js]
[themewagon.github.io/jobfinderportal/assets/js/contact.js]
[themewagon.github.io/jobfinderportal/assets/js/jquery.form.js]
[themewagon.github.io/jobfinderportal/assets/js/jquery.validate.min.js]
[themewagon.github.io/jobfinderportal/assets/js/mail-script.js]
[themewagon.github.io/jobfinderportal/assets/js/jquery.ajaxchimp.min.js]
[themewagon.github.io/jobfinderportal/assets/js/plugins.js]
[themewagon.github.io/jobfinderportal/assets/js/main.js]
[themewagon.github.io/jobfinderportal/index.html]
[themewagon.github.io/jobfinderportal/site.html]
[themewagon.github.io/jobfinderportal/assets/css/bootstrap.min.css]
[themewagon.github.io/jobfinderportal/assets/css/owl.video.play.png]
[themewagon.github.io/jobfinderportal/assets/css/owl.carousel.min.css]
[themewagon.github.io/jobfinderportal/assets/fonts/Flaticon.eot]
[themewagon.github.io/jobfinderportal/assets/fonts/Flaticond41d.eot]
[themewagon.github.io/jobfinderportal/assets/fonts/Flaticon.woff2]
[themewagon.github.io/jobfinderportal/assets/fonts/Flaticon.woff]
[themewagon.github.io/jobfinderportal/assets/fonts/Flaticon.ttf]
[themewagon.github.io/jobfinderportal/assets/css/flaticon.css]
[themewagon.github.io/jobfinderportal/assets/css/price_rangs.css]
[themewagon.github.io/jobfinderportal/assets/css/slicknav.css]
[themewagon.github.io/jobfinderportal/assets/css/animate.min.css]
[themewagon.github.io/jobfinderportal/assets/css/magnific-popup.css]
[themewagon.github.io/jobfinderportal/assets/fonts/Flaticon.svg]
[themewagon.github.io/jobfinderportal/assets/fonts/fa-brands-400.eot]
[themewagon.github.io/jobfinderportal/assets/fonts/fa-brands-400d41d.eot]
[themewagon.github.io/jobfinderportal/assets/fonts/fa-brands-400.woff2]
[themewagon.github.io/jobfinderportal/assets/fonts/fa-brands-400.woff]
[themewagon.github.io/jobfinderportal/assets/fonts/fa-brands-400.ttf]
[themewagon.github.io/jobfinderportal/assets/fonts/fa-brands-400.svg]
[themewagon.github.io/jobfinderportal/assets/fonts/fa-regular-400.eot]
[themewagon.github.io/jobfinderportal/assets/fonts/fa-regular-400d41d.eot]
[themewagon.github.io/jobfinderportal/assets/fonts/fa-regular-400.woff2]
[themewagon.github.io/jobfinderportal/assets/fonts/fa-regular-400.woff]
[themewagon.github.io/jobfinderportal/assets/fonts/fa-regular-400.ttf]
[themewagon.github.io/jobfinderportal/assets/fonts/fa-regular-400.svg]
[themewagon.github.io/jobfinderportal/assets/fonts/fa-solid-900.eot]
[themewagon.github.io/jobfinderportal/assets/fonts/fa-solid-900d41d.eot]
[themewagon.github.io/jobfinderportal/assets/fonts/fa-solid-900.woff2]
[themewagon.github.io/jobfinderportal/assets/fonts/fa-solid-900.woff]
[themewagon.github.io/jobfinderportal/assets/fonts/fa-solid-900.ttf]
[themewagon.github.io/jobfinderportal/assets/css/fontawesome-all.min.css]
[themewagon.github.io/jobfinderportal/assets/fonts/fa-solid-900.svg]
[themewagon.github.io/jobfinderportal/assets/fonts/themify9f24.eot]
[themewagon.github.io/jobfinderportal/assets/fonts/themifyd41d.eot]
[themewagon.github.io/jobfinderportal/assets/fonts/themify9f24.woff]
[themewagon.github.io/jobfinderportal/assets/fonts/themify9f24.ttf]
[themewagon.github.io/jobfinderportal/assets/css/themify-icons.css]
[themewagon.github.io/jobfinderportal/assets/css/slick.css]
[themewagon.github.io/jobfinderportal/assets/css/nice-select.css]
[themewagon.github.io/jobfinderportal/assets/fonts/themify9f24.svg]
[themewagon.github.io/jobfinderportal/assets/img/slider/slider-img-1.jpg]
[themewagon.github.io/jobfinderportal/assets/img/background-img/bg-img-2.jpg]
[themewagon.github.io/jobfinderportal/assets/img/background-img/bg-img-3.jpg]
[themewagon.github.io/jobfinderportal/assets/img/banner/bradcam.png]
[themewagon.github.io/jobfinderportal/assets/img/banner/bradcam2.png]
[themewagon.github.io/jobfinderportal/assets/img/banner/bradcam3.png]
[themewagon.github.io/jobfinderportal/assets/img/elements/primary-check.png]
[themewagon.github.io/jobfinderportal/assets/img/elements/success-check.png]
[themewagon.github.io/jobfinderportal/assets/img/elements/disabled-check.png]
[themewagon.github.io/jobfinderportal/assets/img/elements/primary-radio.png]
[themewagon.github.io/jobfinderportal/assets/img/elements/success-radio.png]
[themewagon.github.io/jobfinderportal/assets/img/elements/disabled-radio.png]
[themewagon.github.io/jobfinderportal/assets/css/style.css]
[themewagon.github.io/jobfinderportal/assets/img/hero/about.jpg]
[themewagon.github.io/jobfinderportal/job_listing.html]
[themewagon.github.io/jobfinderportal/about.html]
[themewagon.github.io/jobfinderportal/assets/img/favicon.png]
[themewagon.github.io/jobfinderportal/assets/css/responsive.css]
[themewagon.github.io/jobfinderportal/assets/img/blog/single_blog_1.png]
[themewagon.github.io/jobfinderportal/assets/img/blog/single_blog_2.png]
[themewagon.github.io/jobfinderportal/assets/img/blog/single_blog_3.png]
[themewagon.github.io/jobfinderportal/assets/img/blog/single_blog_4.png]
[themewagon.github.io/jobfinderportal/assets/img/blog/single_blog_5.png]
[themewagon.github.io/jobfinderportal/assets/img/post/post_1.png]
[themewagon.github.io/jobfinderportal/assets/img/post/post_2.png]
[themewagon.github.io/jobfinderportal/assets/img/post/post_3.png]
[themewagon.github.io/jobfinderportal/assets/img/post/post_4.png]
[themewagon.github.io/jobfinderportal/assets/img/post/post_5.png]
[themewagon.github.io/jobfinderportal/assets/img/post/post_6.png]
[themewagon.github.io/jobfinderportal/assets/img/post/post_7.png]
[themewagon.github.io/jobfinderportal/assets/img/post/post_8.png]
[themewagon.github.io/jobfinderportal/assets/img/post/post_9.png]
[themewagon.github.io/jobfinderportal/assets/img/post/post_10.png]
[themewagon.github.io/jobfinderportal/blog.html]
[themewagon.github.io/jobfinderportal/assets/img/post/preview.png]
[themewagon.github.io/jobfinderportal/assets/img/post/next.png]
[themewagon.github.io/jobfinderportal/assets/img/blog/author.png]
[themewagon.github.io/jobfinderportal/assets/img/comment/comment_1.png]
[themewagon.github.io/jobfinderportal/assets/img/comment/comment_2.png]
[themewagon.github.io/jobfinderportal/assets/img/comment/comment_3.png]
[themewagon.github.io/jobfinderportal/assets/js/gijgo.min.js]
[themewagon.github.io/jobfinderportal/single-blog.html]
[themewagon.github.io/jobfinderportal/assets/img/elements/d.jpg]
[themewagon.github.io/jobfinderportal/assets/img/elements/f1.jpg]
[themewagon.github.io/jobfinderportal/assets/img/elements/f2.jpg]
[themewagon.github.io/jobfinderportal/assets/img/elements/f3.jpg]
[themewagon.github.io/jobfinderportal/assets/img/elements/f4.jpg]
[themewagon.github.io/jobfinderportal/assets/img/elements/f5.jpg]
[themewagon.github.io/jobfinderportal/assets/img/elements/f6.jpg]
[themewagon.github.io/jobfinderportal/assets/img/elements/f7.jpg]
[themewagon.github.io/jobfinderportal/assets/img/elements/f8.jpg]
[themewagon.github.io/jobfinderportal/assets/img/elements/g1.jpg]
[themewagon.github.io/jobfinderportal/assets/img/elements/g2.jpg]
[themewagon.github.io/jobfinderportal/assets/img/elements/g3.jpg]
[themewagon.github.io/jobfinderportal/assets/img/elements/g4.jpg]
[themewagon.github.io/jobfinderportal/assets/img/elements/g5.jpg]
[themewagon.github.io/jobfinderportal/assets/img/elements/g6.jpg]
[themewagon.github.io/jobfinderportal/assets/img/elements/g7.jpg]
[themewagon.github.io/jobfinderportal/assets/img/elements/g8.jpg]
[themewagon.github.io/jobfinderportal/elements.html]
[themewagon.github.io/jobfinderportal/job_details.html]
[themewagon.github.io/jobfinderportal/img/favicon.8d.delayed]
[themewagon.github.io/jobfinderportal/_https_/maps.gstatic.com/mapfiles/openhand_8_8.cur_]
[maps.gstatic.com/mapfiles/api-3/images/google_white5.png]
[themewagon.github.io/jobfinderportal/contact.html]
[themewagon.github.io/jobfinderportal/assets/css/owl.video.play.html]
[themewagon.github.io/jobfinderportal/assets/fonts/Flaticon.svg]
[themewagon.github.io/jobfinderportal/assets/fonts/fa-brands-400.svg]
[themewagon.github.io/jobfinderportal/assets/fonts/fa-regular-400.svg]
[themewagon.github.io/jobfinderportal/assets/fonts/fa-solid-900.svg]
[themewagon.github.io/jobfinderportal/assets/fonts/themify9f24.svg]
[themewagon.github.io/jobfinderportal/assets/img/slider/slider-img-1.html]
[themewagon.github.io/jobfinderportal/assets/img/background-img/bg-img-2.html]
[themewagon.github.io/jobfinderportal/assets/img/background-img/bg-img-3.html]
[themewagon.github.io/jobfinderportal/assets/img/banner/bradcam.html]
[themewagon.github.io/jobfinderportal/assets/img/banner/bradcam2.html]
[themewagon.github.io/jobfinderportal/assets/img/banner/bradcam3.html]
[themewagon.github.io/jobfinderportal/assets/img/favicon.html]
[themewagon.github.io/jobfinderportal/assets/css/responsive.css]
[themewagon.github.io/jobfinderportal/assets/js/gijgo.min.html]
[themewagon.github.io/jobfinderportal/img/favicon.html]
[themewagon.github.io/jobfinderportal/_https_/maps.gstatic.com/mapfiles/openhand_8_8.html]
